<html>
<body>
<pre>
<h1>µVision Build Log</h1>
<h2>Tool Versions:</h2>
IDE-Version: µVision V5.27.1.0
Copyright (C) 2019 ARM Ltd and ARM Germany GmbH. All rights reserved.
License Information: hiou acer, huihu, LIC=V85GK-Z6Z01-NTK3G-V2NJ0-95MI7-S5TRI
 
Tool Versions:
Toolchain:       MDK-ARM Professional  Version: 5.27.1.0
Toolchain Path:  D:\Keil\ARM\ARMCC\Bin
C Compiler:      Armcc.exe V5.06 update 6 (build 750)
Assembler:       Armasm.exe V5.06 update 6 (build 750)
Linker/Locator:  ArmLink.exe V5.06 update 6 (build 750)
Library Manager: ArmAr.exe V5.06 update 6 (build 750)
Hex Converter:   FromElf.exe V5.06 update 6 (build 750)
CPU DLL:         SARMCM3.DLL V5.27.1.0
Dialog DLL:      DCM.DLL V1.17.2.0
Target DLL:      STLink\ST-LINKIII-KEIL_SWO.dll V3.0.6.0
Dialog DLL:      TCM.DLL V1.36.1.0
 
<h2>Project:</h2>
C:\Users\acer\Documents\STM32_project\Fire_Arlarm_project\Fire_Arlarm_project_RTOS\MDK-ARM\Fire_Arlarm_project_RTOS.uvprojx
Project File Date:  10/26/2022

<h2>Output:</h2>
*** Using Compiler 'V5.06 update 6 (build 750)', folder: 'D:\Keil\ARM\ARMCC\Bin'
Build target 'Fire_Arlarm_project_RTOS'
compiling main.c...
../Core/Src/main.c(428): warning:  #188-D: enumerated type mixed with another type
     		HAL_GPIO_WritePin(GPIOB,LED_RED_Pin,0); //LED RED OFF
../Core/Src/main.c(429): warning:  #188-D: enumerated type mixed with another type
  			HAL_GPIO_WritePin(GPIOB,LED_BLUE_Pin,1); //LED BLUE ON
../Core/Src/main.c(430): warning:  #188-D: enumerated type mixed with another type
        HAL_GPIO_WritePin(GPIOB,BUZZER_Pin,1); // BUZZER OFF
../Core/Src/main.c(440): warning:  #188-D: enumerated type mixed with another type
        HAL_GPIO_WritePin(GPIOB,LED_BLUE_Pin,0); //LED BLUE OFF
../Core/Src/main.c(442): warning:  #188-D: enumerated type mixed with another type
        HAL_GPIO_WritePin(GPIOB,BUZZER_Pin,0); //BUZZER ON
../Core/Src/main.c: 5 warnings, 0 errors
linking...
Program Size: Code=14360 RO-data=292 RW-data=156 ZI-data=5900  
FromELF: creating hex file...
"Fire_Arlarm_project_RTOS\Fire_Arlarm_project_RTOS.axf" - 0 Error(s), 5 Warning(s).

<h2>Software Packages used:</h2>

Package Vendor: ARM
                http://www.keil.com/pack/ARM.CMSIS.5.5.1.pack
                ARM.CMSIS.5.5.1
                CMSIS (Cortex Microcontroller Software Interface Standard)
   * Component: CORE Version: 5.2.0

Package Vendor: Keil
                http://www.keil.com/pack/Keil.STM32F1xx_DFP.2.4.0.pack
                Keil.STM32F1xx_DFP.2.4.0
                STMicroelectronics STM32F1 Series Device Support, Drivers and Examples

<h2>Collection of Component include folders:</h2>
  .\RTE\_Fire_Arlarm_project_RTOS
  D:\SOFT WARE\Arm\Packs\ARM\CMSIS\5.5.1\CMSIS\Core\Include
  D:\SOFT WARE\Arm\Packs\Keil\STM32F1xx_DFP\2.4.0\Device\Include

<h2>Collection of Component Files used:</h2>

   * Component: ARM::CMSIS:CORE:5.2.0
Build Time Elapsed:  00:00:01
</pre>
</body>
</html>
